Copyright 1986-2022 Xilinx, Inc. All Rights Reserved. Copyright 2022-2023 Advanced Micro Devices, Inc. All Rights Reserved.
------------------------------------------------------------------------------------------------------------------------------------------------------------------------------------------------------------------------------------
| Tool Version : Vivado v.2023.1 (win64) Build 3865809 Sun May  7 15:05:29 MDT 2023
| Date         : Wed Mar  6 19:11:23 2024
| Host         : Blessing running 64-bit major release  (build 9200)
| Command      : report_timing_summary -max_paths 10 -report_unconstrained -file AM_modulation_timing_summary_routed.rpt -pb AM_modulation_timing_summary_routed.pb -rpx AM_modulation_timing_summary_routed.rpx -warn_on_violation
| Design       : AM_modulation
| Device       : 7a200t-fbg484
| Speed File   : -1  PRODUCTION 1.23 2018-06-13
| Design State : Routed
------------------------------------------------------------------------------------------------------------------------------------------------------------------------------------------------------------------------------------

Timing Summary Report

------------------------------------------------------------------------------------------------
| Timer Settings
| --------------
------------------------------------------------------------------------------------------------

  Enable Multi Corner Analysis               :  Yes
  Enable Pessimism Removal                   :  Yes
  Pessimism Removal Resolution               :  Nearest Common Node
  Enable Input Delay Default Clock           :  No
  Enable Preset / Clear Arcs                 :  No
  Disable Flight Delays                      :  No
  Ignore I/O Paths                           :  No
  Timing Early Launch at Borrowing Latches   :  No
  Borrow Time for Max Delay Exceptions       :  Yes
  Merge Timing Exceptions                    :  Yes

  Corner  Analyze    Analyze    
  Name    Max Paths  Min Paths  
  ------  ---------  ---------  
  Slow    Yes        Yes        
  Fast    Yes        Yes        


------------------------------------------------------------------------------------------------
| Report Methodology
| ------------------
------------------------------------------------------------------------------------------------

Rule       Severity          Description                  Violations  
---------  ----------------  ---------------------------  ----------  
TIMING-17  Critical Warning  Non-clocked sequential cell  51          

Note: This report is based on the most recent report_methodology run and may not be up-to-date. Run report_methodology on the current design for the latest report.



check_timing report

Table of Contents
-----------------
1. checking no_clock (51)
2. checking constant_clock (0)
3. checking pulse_width_clock (0)
4. checking unconstrained_internal_endpoints (121)
5. checking no_input_delay (11)
6. checking no_output_delay (14)
7. checking multiple_clock (0)
8. checking generated_clocks (0)
9. checking loops (0)
10. checking partial_input_delay (0)
11. checking partial_output_delay (0)
12. checking latch_loops (0)

1. checking no_clock (51)
-------------------------
 There are 51 register/latch pins with no clock driven by root clock pin: clk_50M (HIGH)


2. checking constant_clock (0)
------------------------------
 There are 0 register/latch pins with constant_clock.


3. checking pulse_width_clock (0)
---------------------------------
 There are 0 register/latch pins which need pulse_width check


4. checking unconstrained_internal_endpoints (121)
--------------------------------------------------
 There are 121 pins that are not constrained for maximum delay. (HIGH)

 There are 0 pins that are not constrained for maximum delay due to constant clock.


5. checking no_input_delay (11)
-------------------------------
 There are 11 input ports with no input delay specified. (HIGH)

 There are 0 input ports with no input delay but user has a false path constraint.


6. checking no_output_delay (14)
--------------------------------
 There are 14 ports with no output delay specified. (HIGH)

 There are 0 ports with no output delay but user has a false path constraint

 There are 0 ports with no output delay but with a timing clock defined on it or propagating through it


7. checking multiple_clock (0)
------------------------------
 There are 0 register/latch pins with multiple clocks.


8. checking generated_clocks (0)
--------------------------------
 There are 0 generated clocks that are not connected to a clock source.


9. checking loops (0)
---------------------
 There are 0 combinational loops in the design.


10. checking partial_input_delay (0)
------------------------------------
 There are 0 input ports with partial input delay specified.


11. checking partial_output_delay (0)
-------------------------------------
 There are 0 ports with partial output delay specified.


12. checking latch_loops (0)
----------------------------
 There are 0 combinational latch loops in the design through latch input



------------------------------------------------------------------------------------------------
| Design Timing Summary
| ---------------------
------------------------------------------------------------------------------------------------

    WNS(ns)      TNS(ns)  TNS Failing Endpoints  TNS Total Endpoints      WHS(ns)      THS(ns)  THS Failing Endpoints  THS Total Endpoints     WPWS(ns)     TPWS(ns)  TPWS Failing Endpoints  TPWS Total Endpoints  
    -------      -------  ---------------------  -------------------      -------      -------  ---------------------  -------------------     --------     --------  ----------------------  --------------------  
        inf        0.000                      0                  138          inf        0.000                      0                  138           NA           NA                      NA                    NA  


There are no user specified timing constraints.


------------------------------------------------------------------------------------------------
| Clock Summary
| -------------
------------------------------------------------------------------------------------------------


------------------------------------------------------------------------------------------------
| Intra Clock Table
| -----------------
------------------------------------------------------------------------------------------------

Clock             WNS(ns)      TNS(ns)  TNS Failing Endpoints  TNS Total Endpoints      WHS(ns)      THS(ns)  THS Failing Endpoints  THS Total Endpoints     WPWS(ns)     TPWS(ns)  TPWS Failing Endpoints  TPWS Total Endpoints  
-----             -------      -------  ---------------------  -------------------      -------      -------  ---------------------  -------------------     --------     --------  ----------------------  --------------------  


------------------------------------------------------------------------------------------------
| Inter Clock Table
| -----------------
------------------------------------------------------------------------------------------------

From Clock    To Clock          WNS(ns)      TNS(ns)  TNS Failing Endpoints  TNS Total Endpoints      WHS(ns)      THS(ns)  THS Failing Endpoints  THS Total Endpoints  
----------    --------          -------      -------  ---------------------  -------------------      -------      -------  ---------------------  -------------------  


------------------------------------------------------------------------------------------------
| Other Path Groups Table
| -----------------------
------------------------------------------------------------------------------------------------

Path Group    From Clock    To Clock          WNS(ns)      TNS(ns)  TNS Failing Endpoints  TNS Total Endpoints      WHS(ns)      THS(ns)  THS Failing Endpoints  THS Total Endpoints  
----------    ----------    --------          -------      -------  ---------------------  -------------------      -------      -------  ---------------------  -------------------  


------------------------------------------------------------------------------------------------
| User Ignored Path Table
| -----------------------
------------------------------------------------------------------------------------------------

Path Group    From Clock    To Clock    
----------    ----------    --------    


------------------------------------------------------------------------------------------------
| Unconstrained Path Table
| ------------------------
------------------------------------------------------------------------------------------------

Path Group    From Clock    To Clock    
----------    ----------    --------    
(none)                                    


------------------------------------------------------------------------------------------------
| Timing Details
| --------------
------------------------------------------------------------------------------------------------


--------------------------------------------------------------------------------------
Path Group:  (none)
From Clock:  
  To Clock:  

Max Delay           138 Endpoints
Min Delay           138 Endpoints
--------------------------------------------------------------------------------------


Max Delay Paths
--------------------------------------------------------------------------------------
Slack:                    inf
  Source:                 adc_value[6]
                            (input port)
  Destination:            u_mult/U0/i_mult/gLUT.gLUT_speed.iLUT/NxM_mult.stage_3_add.stage_3_pipeline.s3_add_out_reg[0][19]/D
  Path Group:             (none)
  Path Type:              Max at Slow Process Corner
  Data Path Delay:        14.554ns  (logic 5.503ns (37.808%)  route 9.051ns (62.192%))
  Logic Levels:           12  (CARRY4=7 IBUF=1 LUT2=3 LUT4=1)

    Location             Delay type                Incr(ns)  Path(ns)    Netlist Resource(s)
  -------------------------------------------------------------------    -------------------
    J2                                                0.000     0.000 r  adc_value[6] (IN)
                         net (fo=0)                   0.000     0.000    adc_value[6]
    J2                   IBUF (Prop_ibuf_I_O)         1.477     1.477 r  adc_value_IBUF[6]_inst/O
                         net (fo=13, routed)          5.431     6.908    u_mult/U0/i_mult/gLUT.gLUT_speed.iLUT/B[6]
    SLICE_X78Y134        LUT4 (Prop_lut4_I0_O)        0.124     7.032 r  u_mult/U0/i_mult/gLUT.gLUT_speed.iLUT/NxM_mult.ppgen[3].carrychain[1].ppadd.b_is_even.stageN.muxcy0_i_1/O
                         net (fo=1, routed)           0.000     7.032    u_mult/U0/i_mult/gLUT.gLUT_speed.iLUT/NxM_mult.ppgen[3].carrychain[1].ppadd.b_is_even.stageN.lut_sig
    SLICE_X78Y134        CARRY4 (Prop_carry4_S[1]_CO[3])
                                                      0.550     7.582 r  u_mult/U0/i_mult/gLUT.gLUT_speed.iLUT/NxM_mult.ppgen[3].carrychain[0].ppadd.b_is_even.stageLSB.muxcy00_CARRY4/CO[3]
                         net (fo=1, routed)           0.000     7.582    u_mult/U0/i_mult/gLUT.gLUT_speed.iLUT/pp_cout[3]_3
    SLICE_X78Y135        CARRY4 (Prop_carry4_CI_O[1])
                                                      0.334     7.916 r  u_mult/U0/i_mult/gLUT.gLUT_speed.iLUT/NxM_mult.ppgen[3].carrychain[4].ppadd.b_is_even.stageN.muxcy0_CARRY4/O[1]
                         net (fo=1, routed)           1.112     9.027    u_mult/U0/i_mult/gLUT.gLUT_speed.iLUT/pp_out[3]_3[5]
    SLICE_X78Y132        LUT2 (Prop_lut2_I1_O)        0.303     9.330 r  u_mult/U0/i_mult/gLUT.gLUT_speed.iLUT/plusOp__33_carry__0_i_3/O
                         net (fo=1, routed)           0.000     9.330    u_mult/U0/i_mult/gLUT.gLUT_speed.iLUT/plusOp__33_carry__0_i_3_n_0
    SLICE_X78Y132        CARRY4 (Prop_carry4_S[1]_CO[3])
                                                      0.550     9.880 r  u_mult/U0/i_mult/gLUT.gLUT_speed.iLUT/plusOp__33_carry__0/CO[3]
                         net (fo=1, routed)           0.000     9.880    u_mult/U0/i_mult/gLUT.gLUT_speed.iLUT/plusOp__33_carry__0_n_0
    SLICE_X78Y133        CARRY4 (Prop_carry4_CI_O[1])
                                                      0.334    10.214 r  u_mult/U0/i_mult/gLUT.gLUT_speed.iLUT/plusOp__33_carry__1/O[1]
                         net (fo=3, routed)           1.593    11.807    u_mult/U0/i_mult/gLUT.gLUT_speed.iLUT/plusOp1[9]
    SLICE_X79Y130        LUT2 (Prop_lut2_I1_O)        0.303    12.110 r  u_mult/U0/i_mult/gLUT.gLUT_speed.iLUT/plusOp__67_carry__1_i_2/O
                         net (fo=1, routed)           0.000    12.110    u_mult/U0/i_mult/gLUT.gLUT_speed.iLUT/plusOp__67_carry__1_i_2_n_0
    SLICE_X79Y130        CARRY4 (Prop_carry4_S[3]_CO[3])
                                                      0.401    12.511 r  u_mult/U0/i_mult/gLUT.gLUT_speed.iLUT/plusOp__67_carry__1/CO[3]
                         net (fo=1, routed)           0.000    12.511    u_mult/U0/i_mult/gLUT.gLUT_speed.iLUT/plusOp__67_carry__1_n_0
    SLICE_X79Y131        CARRY4 (Prop_carry4_CI_O[0])
                                                      0.222    12.733 r  u_mult/U0/i_mult/gLUT.gLUT_speed.iLUT/plusOp__67_carry__2/O[0]
                         net (fo=2, routed)           0.916    13.649    u_mult/U0/i_mult/gLUT.gLUT_speed.iLUT/plusOp3__0[12]
    SLICE_X77Y131        LUT2 (Prop_lut2_I0_O)        0.299    13.948 r  u_mult/U0/i_mult/gLUT.gLUT_speed.iLUT/plusOp__109_carry__1_i_4/O
                         net (fo=1, routed)           0.000    13.948    u_mult/U0/i_mult/gLUT.gLUT_speed.iLUT/plusOp__109_carry__1_i_4_n_0
    SLICE_X77Y131        CARRY4 (Prop_carry4_S[0]_O[3])
                                                      0.606    14.554 r  u_mult/U0/i_mult/gLUT.gLUT_speed.iLUT/plusOp__109_carry__1/O[3]
                         net (fo=1, routed)           0.000    14.554    u_mult/U0/i_mult/gLUT.gLUT_speed.iLUT/plusOp5[11]
    SLICE_X77Y131        FDRE                                         r  u_mult/U0/i_mult/gLUT.gLUT_speed.iLUT/NxM_mult.stage_3_add.stage_3_pipeline.s3_add_out_reg[0][19]/D
  -------------------------------------------------------------------    -------------------

Slack:                    inf
  Source:                 adc_value[6]
                            (input port)
  Destination:            u_mult/U0/i_mult/gLUT.gLUT_speed.iLUT/NxM_mult.stage_3_add.stage_3_pipeline.s3_add_out_reg[0][18]/D
  Path Group:             (none)
  Path Type:              Max at Slow Process Corner
  Data Path Delay:        14.495ns  (logic 5.444ns (37.555%)  route 9.051ns (62.445%))
  Logic Levels:           12  (CARRY4=7 IBUF=1 LUT2=3 LUT4=1)

    Location             Delay type                Incr(ns)  Path(ns)    Netlist Resource(s)
  -------------------------------------------------------------------    -------------------
    J2                                                0.000     0.000 r  adc_value[6] (IN)
                         net (fo=0)                   0.000     0.000    adc_value[6]
    J2                   IBUF (Prop_ibuf_I_O)         1.477     1.477 r  adc_value_IBUF[6]_inst/O
                         net (fo=13, routed)          5.431     6.908    u_mult/U0/i_mult/gLUT.gLUT_speed.iLUT/B[6]
    SLICE_X78Y134        LUT4 (Prop_lut4_I0_O)        0.124     7.032 r  u_mult/U0/i_mult/gLUT.gLUT_speed.iLUT/NxM_mult.ppgen[3].carrychain[1].ppadd.b_is_even.stageN.muxcy0_i_1/O
                         net (fo=1, routed)           0.000     7.032    u_mult/U0/i_mult/gLUT.gLUT_speed.iLUT/NxM_mult.ppgen[3].carrychain[1].ppadd.b_is_even.stageN.lut_sig
    SLICE_X78Y134        CARRY4 (Prop_carry4_S[1]_CO[3])
                                                      0.550     7.582 r  u_mult/U0/i_mult/gLUT.gLUT_speed.iLUT/NxM_mult.ppgen[3].carrychain[0].ppadd.b_is_even.stageLSB.muxcy00_CARRY4/CO[3]
                         net (fo=1, routed)           0.000     7.582    u_mult/U0/i_mult/gLUT.gLUT_speed.iLUT/pp_cout[3]_3
    SLICE_X78Y135        CARRY4 (Prop_carry4_CI_O[1])
                                                      0.334     7.916 r  u_mult/U0/i_mult/gLUT.gLUT_speed.iLUT/NxM_mult.ppgen[3].carrychain[4].ppadd.b_is_even.stageN.muxcy0_CARRY4/O[1]
                         net (fo=1, routed)           1.112     9.027    u_mult/U0/i_mult/gLUT.gLUT_speed.iLUT/pp_out[3]_3[5]
    SLICE_X78Y132        LUT2 (Prop_lut2_I1_O)        0.303     9.330 r  u_mult/U0/i_mult/gLUT.gLUT_speed.iLUT/plusOp__33_carry__0_i_3/O
                         net (fo=1, routed)           0.000     9.330    u_mult/U0/i_mult/gLUT.gLUT_speed.iLUT/plusOp__33_carry__0_i_3_n_0
    SLICE_X78Y132        CARRY4 (Prop_carry4_S[1]_CO[3])
                                                      0.550     9.880 r  u_mult/U0/i_mult/gLUT.gLUT_speed.iLUT/plusOp__33_carry__0/CO[3]
                         net (fo=1, routed)           0.000     9.880    u_mult/U0/i_mult/gLUT.gLUT_speed.iLUT/plusOp__33_carry__0_n_0
    SLICE_X78Y133        CARRY4 (Prop_carry4_CI_O[1])
                                                      0.334    10.214 r  u_mult/U0/i_mult/gLUT.gLUT_speed.iLUT/plusOp__33_carry__1/O[1]
                         net (fo=3, routed)           1.593    11.807    u_mult/U0/i_mult/gLUT.gLUT_speed.iLUT/plusOp1[9]
    SLICE_X79Y130        LUT2 (Prop_lut2_I1_O)        0.303    12.110 r  u_mult/U0/i_mult/gLUT.gLUT_speed.iLUT/plusOp__67_carry__1_i_2/O
                         net (fo=1, routed)           0.000    12.110    u_mult/U0/i_mult/gLUT.gLUT_speed.iLUT/plusOp__67_carry__1_i_2_n_0
    SLICE_X79Y130        CARRY4 (Prop_carry4_S[3]_CO[3])
                                                      0.401    12.511 r  u_mult/U0/i_mult/gLUT.gLUT_speed.iLUT/plusOp__67_carry__1/CO[3]
                         net (fo=1, routed)           0.000    12.511    u_mult/U0/i_mult/gLUT.gLUT_speed.iLUT/plusOp__67_carry__1_n_0
    SLICE_X79Y131        CARRY4 (Prop_carry4_CI_O[0])
                                                      0.222    12.733 r  u_mult/U0/i_mult/gLUT.gLUT_speed.iLUT/plusOp__67_carry__2/O[0]
                         net (fo=2, routed)           0.916    13.649    u_mult/U0/i_mult/gLUT.gLUT_speed.iLUT/plusOp3__0[12]
    SLICE_X77Y131        LUT2 (Prop_lut2_I0_O)        0.299    13.948 r  u_mult/U0/i_mult/gLUT.gLUT_speed.iLUT/plusOp__109_carry__1_i_4/O
                         net (fo=1, routed)           0.000    13.948    u_mult/U0/i_mult/gLUT.gLUT_speed.iLUT/plusOp__109_carry__1_i_4_n_0
    SLICE_X77Y131        CARRY4 (Prop_carry4_S[0]_O[2])
                                                      0.547    14.495 r  u_mult/U0/i_mult/gLUT.gLUT_speed.iLUT/plusOp__109_carry__1/O[2]
                         net (fo=1, routed)           0.000    14.495    u_mult/U0/i_mult/gLUT.gLUT_speed.iLUT/plusOp5[10]
    SLICE_X77Y131        FDRE                                         r  u_mult/U0/i_mult/gLUT.gLUT_speed.iLUT/NxM_mult.stage_3_add.stage_3_pipeline.s3_add_out_reg[0][18]/D
  -------------------------------------------------------------------    -------------------

Slack:                    inf
  Source:                 adc_value[6]
                            (input port)
  Destination:            u_mult/U0/i_mult/gLUT.gLUT_speed.iLUT/NxM_mult.stage_3_add.stage_3_pipeline.s3_add_out_reg[0][17]/D
  Path Group:             (none)
  Path Type:              Max at Slow Process Corner
  Data Path Delay:        14.372ns  (logic 5.321ns (37.021%)  route 9.051ns (62.979%))
  Logic Levels:           12  (CARRY4=7 IBUF=1 LUT2=3 LUT4=1)

    Location             Delay type                Incr(ns)  Path(ns)    Netlist Resource(s)
  -------------------------------------------------------------------    -------------------
    J2                                                0.000     0.000 r  adc_value[6] (IN)
                         net (fo=0)                   0.000     0.000    adc_value[6]
    J2                   IBUF (Prop_ibuf_I_O)         1.477     1.477 r  adc_value_IBUF[6]_inst/O
                         net (fo=13, routed)          5.431     6.908    u_mult/U0/i_mult/gLUT.gLUT_speed.iLUT/B[6]
    SLICE_X78Y134        LUT4 (Prop_lut4_I0_O)        0.124     7.032 r  u_mult/U0/i_mult/gLUT.gLUT_speed.iLUT/NxM_mult.ppgen[3].carrychain[1].ppadd.b_is_even.stageN.muxcy0_i_1/O
                         net (fo=1, routed)           0.000     7.032    u_mult/U0/i_mult/gLUT.gLUT_speed.iLUT/NxM_mult.ppgen[3].carrychain[1].ppadd.b_is_even.stageN.lut_sig
    SLICE_X78Y134        CARRY4 (Prop_carry4_S[1]_CO[3])
                                                      0.550     7.582 r  u_mult/U0/i_mult/gLUT.gLUT_speed.iLUT/NxM_mult.ppgen[3].carrychain[0].ppadd.b_is_even.stageLSB.muxcy00_CARRY4/CO[3]
                         net (fo=1, routed)           0.000     7.582    u_mult/U0/i_mult/gLUT.gLUT_speed.iLUT/pp_cout[3]_3
    SLICE_X78Y135        CARRY4 (Prop_carry4_CI_O[1])
                                                      0.334     7.916 r  u_mult/U0/i_mult/gLUT.gLUT_speed.iLUT/NxM_mult.ppgen[3].carrychain[4].ppadd.b_is_even.stageN.muxcy0_CARRY4/O[1]
                         net (fo=1, routed)           1.112     9.027    u_mult/U0/i_mult/gLUT.gLUT_speed.iLUT/pp_out[3]_3[5]
    SLICE_X78Y132        LUT2 (Prop_lut2_I1_O)        0.303     9.330 r  u_mult/U0/i_mult/gLUT.gLUT_speed.iLUT/plusOp__33_carry__0_i_3/O
                         net (fo=1, routed)           0.000     9.330    u_mult/U0/i_mult/gLUT.gLUT_speed.iLUT/plusOp__33_carry__0_i_3_n_0
    SLICE_X78Y132        CARRY4 (Prop_carry4_S[1]_CO[3])
                                                      0.550     9.880 r  u_mult/U0/i_mult/gLUT.gLUT_speed.iLUT/plusOp__33_carry__0/CO[3]
                         net (fo=1, routed)           0.000     9.880    u_mult/U0/i_mult/gLUT.gLUT_speed.iLUT/plusOp__33_carry__0_n_0
    SLICE_X78Y133        CARRY4 (Prop_carry4_CI_O[1])
                                                      0.334    10.214 r  u_mult/U0/i_mult/gLUT.gLUT_speed.iLUT/plusOp__33_carry__1/O[1]
                         net (fo=3, routed)           1.593    11.807    u_mult/U0/i_mult/gLUT.gLUT_speed.iLUT/plusOp1[9]
    SLICE_X79Y130        LUT2 (Prop_lut2_I1_O)        0.303    12.110 r  u_mult/U0/i_mult/gLUT.gLUT_speed.iLUT/plusOp__67_carry__1_i_2/O
                         net (fo=1, routed)           0.000    12.110    u_mult/U0/i_mult/gLUT.gLUT_speed.iLUT/plusOp__67_carry__1_i_2_n_0
    SLICE_X79Y130        CARRY4 (Prop_carry4_S[3]_CO[3])
                                                      0.401    12.511 r  u_mult/U0/i_mult/gLUT.gLUT_speed.iLUT/plusOp__67_carry__1/CO[3]
                         net (fo=1, routed)           0.000    12.511    u_mult/U0/i_mult/gLUT.gLUT_speed.iLUT/plusOp__67_carry__1_n_0
    SLICE_X79Y131        CARRY4 (Prop_carry4_CI_O[0])
                                                      0.222    12.733 r  u_mult/U0/i_mult/gLUT.gLUT_speed.iLUT/plusOp__67_carry__2/O[0]
                         net (fo=2, routed)           0.916    13.649    u_mult/U0/i_mult/gLUT.gLUT_speed.iLUT/plusOp3__0[12]
    SLICE_X77Y131        LUT2 (Prop_lut2_I0_O)        0.299    13.948 r  u_mult/U0/i_mult/gLUT.gLUT_speed.iLUT/plusOp__109_carry__1_i_4/O
                         net (fo=1, routed)           0.000    13.948    u_mult/U0/i_mult/gLUT.gLUT_speed.iLUT/plusOp__109_carry__1_i_4_n_0
    SLICE_X77Y131        CARRY4 (Prop_carry4_S[0]_O[1])
                                                      0.424    14.372 r  u_mult/U0/i_mult/gLUT.gLUT_speed.iLUT/plusOp__109_carry__1/O[1]
                         net (fo=1, routed)           0.000    14.372    u_mult/U0/i_mult/gLUT.gLUT_speed.iLUT/plusOp5[9]
    SLICE_X77Y131        FDRE                                         r  u_mult/U0/i_mult/gLUT.gLUT_speed.iLUT/NxM_mult.stage_3_add.stage_3_pipeline.s3_add_out_reg[0][17]/D
  -------------------------------------------------------------------    -------------------

Slack:                    inf
  Source:                 adc_value[3]
                            (input port)
  Destination:            u_mult/U0/i_mult/gLUT.gLUT_speed.iLUT/NxM_mult.stage_3_add.stage_3_pipeline.s3_add_out_reg[0][16]/D
  Path Group:             (none)
  Path Type:              Max at Slow Process Corner
  Data Path Delay:        14.225ns  (logic 5.770ns (40.563%)  route 8.455ns (59.437%))
  Logic Levels:           13  (CARRY4=8 IBUF=1 LUT2=3 LUT4=1)

    Location             Delay type                Incr(ns)  Path(ns)    Netlist Resource(s)
  -------------------------------------------------------------------    -------------------
    K1                                                0.000     0.000 r  adc_value[3] (IN)
                         net (fo=0)                   0.000     0.000    adc_value[3]
    K1                   IBUF (Prop_ibuf_I_O)         1.486     1.486 r  adc_value_IBUF[3]_inst/O
                         net (fo=21, routed)          5.828     7.314    u_mult/U0/i_mult/gLUT.gLUT_speed.iLUT/B[3]
    SLICE_X81Y130        LUT4 (Prop_lut4_I2_O)        0.124     7.438 r  u_mult/U0/i_mult/gLUT.gLUT_speed.iLUT/NxM_mult.ppgen[1].carrychain[1].ppadd.b_is_even.stageN.muxcy0_i_1/O
                         net (fo=1, routed)           0.000     7.438    u_mult/U0/i_mult/gLUT.gLUT_speed.iLUT/NxM_mult.ppgen[1].carrychain[1].ppadd.b_is_even.stageN.lut_sig
    SLICE_X81Y130        CARRY4 (Prop_carry4_S[1]_CO[3])
                                                      0.550     7.988 r  u_mult/U0/i_mult/gLUT.gLUT_speed.iLUT/NxM_mult.ppgen[1].carrychain[0].ppadd.b_is_even.stageLSB.muxcy00_CARRY4/CO[3]
                         net (fo=1, routed)           0.000     7.988    u_mult/U0/i_mult/gLUT.gLUT_speed.iLUT/pp_cout[1]_3
    SLICE_X81Y131        CARRY4 (Prop_carry4_CI_O[1])
                                                      0.334     8.322 r  u_mult/U0/i_mult/gLUT.gLUT_speed.iLUT/NxM_mult.ppgen[1].carrychain[4].ppadd.b_is_even.stageN.muxcy0_CARRY4/O[1]
                         net (fo=1, routed)           0.799     9.120    u_mult/U0/i_mult/gLUT.gLUT_speed.iLUT/pp_out[1]_1[5]
    SLICE_X80Y131        LUT2 (Prop_lut2_I1_O)        0.303     9.423 r  u_mult/U0/i_mult/gLUT.gLUT_speed.iLUT/plusOp_carry__0_i_3/O
                         net (fo=1, routed)           0.000     9.423    u_mult/U0/i_mult/gLUT.gLUT_speed.iLUT/plusOp_carry__0_i_3_n_0
    SLICE_X80Y131        CARRY4 (Prop_carry4_S[1]_CO[3])
                                                      0.533     9.956 r  u_mult/U0/i_mult/gLUT.gLUT_speed.iLUT/plusOp_carry__0/CO[3]
                         net (fo=1, routed)           0.000     9.956    u_mult/U0/i_mult/gLUT.gLUT_speed.iLUT/plusOp_carry__0_n_0
    SLICE_X80Y132        CARRY4 (Prop_carry4_CI_O[1])
                                                      0.323    10.279 r  u_mult/U0/i_mult/gLUT.gLUT_speed.iLUT/plusOp_carry__1/O[1]
                         net (fo=2, routed)           0.797    11.076    u_mult/U0/i_mult/gLUT.gLUT_speed.iLUT/plusOp[9]
    SLICE_X79Y129        LUT2 (Prop_lut2_I0_O)        0.306    11.382 r  u_mult/U0/i_mult/gLUT.gLUT_speed.iLUT/plusOp__67_carry__0_i_1/O
                         net (fo=1, routed)           0.000    11.382    u_mult/U0/i_mult/gLUT.gLUT_speed.iLUT/plusOp__67_carry__0_i_1_n_0
    SLICE_X79Y129        CARRY4 (Prop_carry4_S[3]_CO[3])
                                                      0.401    11.783 r  u_mult/U0/i_mult/gLUT.gLUT_speed.iLUT/plusOp__67_carry__0/CO[3]
                         net (fo=1, routed)           0.000    11.783    u_mult/U0/i_mult/gLUT.gLUT_speed.iLUT/plusOp__67_carry__0_n_0
    SLICE_X79Y130        CARRY4 (Prop_carry4_CI_O[1])
                                                      0.334    12.117 r  u_mult/U0/i_mult/gLUT.gLUT_speed.iLUT/plusOp__67_carry__1/O[1]
                         net (fo=2, routed)           1.032    13.149    u_mult/U0/i_mult/gLUT.gLUT_speed.iLUT/plusOp3__0[9]
    SLICE_X77Y130        LUT2 (Prop_lut2_I0_O)        0.303    13.452 r  u_mult/U0/i_mult/gLUT.gLUT_speed.iLUT/plusOp__109_carry__0_i_3/O
                         net (fo=1, routed)           0.000    13.452    u_mult/U0/i_mult/gLUT.gLUT_speed.iLUT/plusOp__109_carry__0_i_3_n_0
    SLICE_X77Y130        CARRY4 (Prop_carry4_S[1]_CO[3])
                                                      0.550    14.002 r  u_mult/U0/i_mult/gLUT.gLUT_speed.iLUT/plusOp__109_carry__0/CO[3]
                         net (fo=1, routed)           0.000    14.002    u_mult/U0/i_mult/gLUT.gLUT_speed.iLUT/plusOp__109_carry__0_n_0
    SLICE_X77Y131        CARRY4 (Prop_carry4_CI_O[0])
                                                      0.223    14.225 r  u_mult/U0/i_mult/gLUT.gLUT_speed.iLUT/plusOp__109_carry__1/O[0]
                         net (fo=1, routed)           0.000    14.225    u_mult/U0/i_mult/gLUT.gLUT_speed.iLUT/plusOp5[8]
    SLICE_X77Y131        FDRE                                         r  u_mult/U0/i_mult/gLUT.gLUT_speed.iLUT/NxM_mult.stage_3_add.stage_3_pipeline.s3_add_out_reg[0][16]/D
  -------------------------------------------------------------------    -------------------

Slack:                    inf
  Source:                 adc_value[0]
                            (input port)
  Destination:            u_mult/U0/i_mult/gLUT.gLUT_speed.iLUT/NxM_mult.stage_3_add.stage_3_pipeline.s3_add_out_reg[0][13]/D
  Path Group:             (none)
  Path Type:              Max at Slow Process Corner
  Data Path Delay:        14.185ns  (logic 5.545ns (39.091%)  route 8.640ns (60.909%))
  Logic Levels:           13  (CARRY4=8 IBUF=1 LUT2=3 LUT4=1)

    Location             Delay type                Incr(ns)  Path(ns)    Netlist Resource(s)
  -------------------------------------------------------------------    -------------------
    F1                                                0.000     0.000 r  adc_value[0] (IN)
                         net (fo=0)                   0.000     0.000    adc_value[0]
    F1                   IBUF (Prop_ibuf_I_O)         1.489     1.489 r  adc_value_IBUF[0]_inst/O
                         net (fo=13, routed)          5.850     7.339    u_mult/U0/i_mult/gLUT.gLUT_speed.iLUT/B[0]
    SLICE_X80Y133        LUT4 (Prop_lut4_I0_O)        0.124     7.463 r  u_mult/U0/i_mult/gLUT.gLUT_speed.iLUT/NxM_mult.ppgen[0].carrychain[3].ppadd.b_is_even.stageN.muxcy0_i_1/O
                         net (fo=1, routed)           0.000     7.463    u_mult/U0/i_mult/gLUT.gLUT_speed.iLUT/NxM_mult.ppgen[0].carrychain[3].ppadd.b_is_even.stageN.lut_sig
    SLICE_X80Y133        CARRY4 (Prop_carry4_S[3]_CO[3])
                                                      0.376     7.839 r  u_mult/U0/i_mult/gLUT.gLUT_speed.iLUT/NxM_mult.ppgen[0].carrychain[0].ppadd.b_is_even.stageLSB.muxcy00_CARRY4/CO[3]
                         net (fo=1, routed)           0.000     7.839    u_mult/U0/i_mult/gLUT.gLUT_speed.iLUT/pp_cout[0]_3
    SLICE_X80Y134        CARRY4 (Prop_carry4_CI_O[1])
                                                      0.323     8.162 r  u_mult/U0/i_mult/gLUT.gLUT_speed.iLUT/NxM_mult.ppgen[0].carrychain[4].ppadd.b_is_even.stageN.muxcy0_CARRY4/O[1]
                         net (fo=2, routed)           0.962     9.124    u_mult/U0/i_mult/gLUT.gLUT_speed.iLUT/pp_out[0]_0[5]
    SLICE_X80Y130        LUT2 (Prop_lut2_I0_O)        0.306     9.430 r  u_mult/U0/i_mult/gLUT.gLUT_speed.iLUT/plusOp_carry_i_1/O
                         net (fo=1, routed)           0.000     9.430    u_mult/U0/i_mult/gLUT.gLUT_speed.iLUT/plusOp_carry_i_1_n_0
    SLICE_X80Y130        CARRY4 (Prop_carry4_S[3]_CO[3])
                                                      0.376     9.806 r  u_mult/U0/i_mult/gLUT.gLUT_speed.iLUT/plusOp_carry/CO[3]
                         net (fo=1, routed)           0.000     9.806    u_mult/U0/i_mult/gLUT.gLUT_speed.iLUT/plusOp_carry_n_0
    SLICE_X80Y131        CARRY4 (Prop_carry4_CI_O[1])
                                                      0.323    10.129 r  u_mult/U0/i_mult/gLUT.gLUT_speed.iLUT/plusOp_carry__0/O[1]
                         net (fo=2, routed)           0.797    10.926    u_mult/U0/i_mult/gLUT.gLUT_speed.iLUT/plusOp[5]
    SLICE_X79Y128        LUT2 (Prop_lut2_I0_O)        0.306    11.232 r  u_mult/U0/i_mult/gLUT.gLUT_speed.iLUT/plusOp__67_carry_i_1/O
                         net (fo=1, routed)           0.000    11.232    u_mult/U0/i_mult/gLUT.gLUT_speed.iLUT/plusOp__67_carry_i_1_n_0
    SLICE_X79Y128        CARRY4 (Prop_carry4_S[3]_CO[3])
                                                      0.401    11.633 r  u_mult/U0/i_mult/gLUT.gLUT_speed.iLUT/plusOp__67_carry/CO[3]
                         net (fo=1, routed)           0.000    11.633    u_mult/U0/i_mult/gLUT.gLUT_speed.iLUT/plusOp__67_carry_n_0
    SLICE_X79Y129        CARRY4 (Prop_carry4_CI_O[1])
                                                      0.334    11.967 r  u_mult/U0/i_mult/gLUT.gLUT_speed.iLUT/plusOp__67_carry__0/O[1]
                         net (fo=2, routed)           1.032    12.998    u_mult/U0/i_mult/gLUT.gLUT_speed.iLUT/plusOp3__0[5]
    SLICE_X77Y129        LUT2 (Prop_lut2_I0_O)        0.303    13.301 r  u_mult/U0/i_mult/gLUT.gLUT_speed.iLUT/plusOp__109_carry_i_3/O
                         net (fo=1, routed)           0.000    13.301    u_mult/U0/i_mult/gLUT.gLUT_speed.iLUT/plusOp__109_carry_i_3_n_0
    SLICE_X77Y129        CARRY4 (Prop_carry4_S[1]_CO[3])
                                                      0.550    13.851 r  u_mult/U0/i_mult/gLUT.gLUT_speed.iLUT/plusOp__109_carry/CO[3]
                         net (fo=1, routed)           0.000    13.851    u_mult/U0/i_mult/gLUT.gLUT_speed.iLUT/plusOp__109_carry_n_0
    SLICE_X77Y130        CARRY4 (Prop_carry4_CI_O[1])
                                                      0.334    14.185 r  u_mult/U0/i_mult/gLUT.gLUT_speed.iLUT/plusOp__109_carry__0/O[1]
                         net (fo=1, routed)           0.000    14.185    u_mult/U0/i_mult/gLUT.gLUT_speed.iLUT/plusOp5[5]
    SLICE_X77Y130        FDRE                                         r  u_mult/U0/i_mult/gLUT.gLUT_speed.iLUT/NxM_mult.stage_3_add.stage_3_pipeline.s3_add_out_reg[0][13]/D
  -------------------------------------------------------------------    -------------------

Slack:                    inf
  Source:                 adc_value[0]
                            (input port)
  Destination:            u_mult/U0/i_mult/gLUT.gLUT_speed.iLUT/NxM_mult.stage_3_add.stage_3_pipeline.s3_add_out_reg[0][15]/D
  Path Group:             (none)
  Path Type:              Max at Slow Process Corner
  Data Path Delay:        14.164ns  (logic 5.524ns (39.001%)  route 8.640ns (60.999%))
  Logic Levels:           13  (CARRY4=8 IBUF=1 LUT2=3 LUT4=1)

    Location             Delay type                Incr(ns)  Path(ns)    Netlist Resource(s)
  -------------------------------------------------------------------    -------------------
    F1                                                0.000     0.000 r  adc_value[0] (IN)
                         net (fo=0)                   0.000     0.000    adc_value[0]
    F1                   IBUF (Prop_ibuf_I_O)         1.489     1.489 r  adc_value_IBUF[0]_inst/O
                         net (fo=13, routed)          5.850     7.339    u_mult/U0/i_mult/gLUT.gLUT_speed.iLUT/B[0]
    SLICE_X80Y133        LUT4 (Prop_lut4_I0_O)        0.124     7.463 r  u_mult/U0/i_mult/gLUT.gLUT_speed.iLUT/NxM_mult.ppgen[0].carrychain[3].ppadd.b_is_even.stageN.muxcy0_i_1/O
                         net (fo=1, routed)           0.000     7.463    u_mult/U0/i_mult/gLUT.gLUT_speed.iLUT/NxM_mult.ppgen[0].carrychain[3].ppadd.b_is_even.stageN.lut_sig
    SLICE_X80Y133        CARRY4 (Prop_carry4_S[3]_CO[3])
                                                      0.376     7.839 r  u_mult/U0/i_mult/gLUT.gLUT_speed.iLUT/NxM_mult.ppgen[0].carrychain[0].ppadd.b_is_even.stageLSB.muxcy00_CARRY4/CO[3]
                         net (fo=1, routed)           0.000     7.839    u_mult/U0/i_mult/gLUT.gLUT_speed.iLUT/pp_cout[0]_3
    SLICE_X80Y134        CARRY4 (Prop_carry4_CI_O[1])
                                                      0.323     8.162 r  u_mult/U0/i_mult/gLUT.gLUT_speed.iLUT/NxM_mult.ppgen[0].carrychain[4].ppadd.b_is_even.stageN.muxcy0_CARRY4/O[1]
                         net (fo=2, routed)           0.962     9.124    u_mult/U0/i_mult/gLUT.gLUT_speed.iLUT/pp_out[0]_0[5]
    SLICE_X80Y130        LUT2 (Prop_lut2_I0_O)        0.306     9.430 r  u_mult/U0/i_mult/gLUT.gLUT_speed.iLUT/plusOp_carry_i_1/O
                         net (fo=1, routed)           0.000     9.430    u_mult/U0/i_mult/gLUT.gLUT_speed.iLUT/plusOp_carry_i_1_n_0
    SLICE_X80Y130        CARRY4 (Prop_carry4_S[3]_CO[3])
                                                      0.376     9.806 r  u_mult/U0/i_mult/gLUT.gLUT_speed.iLUT/plusOp_carry/CO[3]
                         net (fo=1, routed)           0.000     9.806    u_mult/U0/i_mult/gLUT.gLUT_speed.iLUT/plusOp_carry_n_0
    SLICE_X80Y131        CARRY4 (Prop_carry4_CI_O[1])
                                                      0.323    10.129 r  u_mult/U0/i_mult/gLUT.gLUT_speed.iLUT/plusOp_carry__0/O[1]
                         net (fo=2, routed)           0.797    10.926    u_mult/U0/i_mult/gLUT.gLUT_speed.iLUT/plusOp[5]
    SLICE_X79Y128        LUT2 (Prop_lut2_I0_O)        0.306    11.232 r  u_mult/U0/i_mult/gLUT.gLUT_speed.iLUT/plusOp__67_carry_i_1/O
                         net (fo=1, routed)           0.000    11.232    u_mult/U0/i_mult/gLUT.gLUT_speed.iLUT/plusOp__67_carry_i_1_n_0
    SLICE_X79Y128        CARRY4 (Prop_carry4_S[3]_CO[3])
                                                      0.401    11.633 r  u_mult/U0/i_mult/gLUT.gLUT_speed.iLUT/plusOp__67_carry/CO[3]
                         net (fo=1, routed)           0.000    11.633    u_mult/U0/i_mult/gLUT.gLUT_speed.iLUT/plusOp__67_carry_n_0
    SLICE_X79Y129        CARRY4 (Prop_carry4_CI_O[1])
                                                      0.334    11.967 r  u_mult/U0/i_mult/gLUT.gLUT_speed.iLUT/plusOp__67_carry__0/O[1]
                         net (fo=2, routed)           1.032    12.998    u_mult/U0/i_mult/gLUT.gLUT_speed.iLUT/plusOp3__0[5]
    SLICE_X77Y129        LUT2 (Prop_lut2_I0_O)        0.303    13.301 r  u_mult/U0/i_mult/gLUT.gLUT_speed.iLUT/plusOp__109_carry_i_3/O
                         net (fo=1, routed)           0.000    13.301    u_mult/U0/i_mult/gLUT.gLUT_speed.iLUT/plusOp__109_carry_i_3_n_0
    SLICE_X77Y129        CARRY4 (Prop_carry4_S[1]_CO[3])
                                                      0.550    13.851 r  u_mult/U0/i_mult/gLUT.gLUT_speed.iLUT/plusOp__109_carry/CO[3]
                         net (fo=1, routed)           0.000    13.851    u_mult/U0/i_mult/gLUT.gLUT_speed.iLUT/plusOp__109_carry_n_0
    SLICE_X77Y130        CARRY4 (Prop_carry4_CI_O[3])
                                                      0.313    14.164 r  u_mult/U0/i_mult/gLUT.gLUT_speed.iLUT/plusOp__109_carry__0/O[3]
                         net (fo=1, routed)           0.000    14.164    u_mult/U0/i_mult/gLUT.gLUT_speed.iLUT/plusOp5[7]
    SLICE_X77Y130        FDRE                                         r  u_mult/U0/i_mult/gLUT.gLUT_speed.iLUT/NxM_mult.stage_3_add.stage_3_pipeline.s3_add_out_reg[0][15]/D
  -------------------------------------------------------------------    -------------------

Slack:                    inf
  Source:                 adc_value[0]
                            (input port)
  Destination:            u_mult/U0/i_mult/gLUT.gLUT_speed.iLUT/NxM_mult.stage_3_add.stage_3_pipeline.s3_add_out_reg[0][14]/D
  Path Group:             (none)
  Path Type:              Max at Slow Process Corner
  Data Path Delay:        14.090ns  (logic 5.450ns (38.680%)  route 8.640ns (61.320%))
  Logic Levels:           13  (CARRY4=8 IBUF=1 LUT2=3 LUT4=1)

    Location             Delay type                Incr(ns)  Path(ns)    Netlist Resource(s)
  -------------------------------------------------------------------    -------------------
    F1                                                0.000     0.000 r  adc_value[0] (IN)
                         net (fo=0)                   0.000     0.000    adc_value[0]
    F1                   IBUF (Prop_ibuf_I_O)         1.489     1.489 r  adc_value_IBUF[0]_inst/O
                         net (fo=13, routed)          5.850     7.339    u_mult/U0/i_mult/gLUT.gLUT_speed.iLUT/B[0]
    SLICE_X80Y133        LUT4 (Prop_lut4_I0_O)        0.124     7.463 r  u_mult/U0/i_mult/gLUT.gLUT_speed.iLUT/NxM_mult.ppgen[0].carrychain[3].ppadd.b_is_even.stageN.muxcy0_i_1/O
                         net (fo=1, routed)           0.000     7.463    u_mult/U0/i_mult/gLUT.gLUT_speed.iLUT/NxM_mult.ppgen[0].carrychain[3].ppadd.b_is_even.stageN.lut_sig
    SLICE_X80Y133        CARRY4 (Prop_carry4_S[3]_CO[3])
                                                      0.376     7.839 r  u_mult/U0/i_mult/gLUT.gLUT_speed.iLUT/NxM_mult.ppgen[0].carrychain[0].ppadd.b_is_even.stageLSB.muxcy00_CARRY4/CO[3]
                         net (fo=1, routed)           0.000     7.839    u_mult/U0/i_mult/gLUT.gLUT_speed.iLUT/pp_cout[0]_3
    SLICE_X80Y134        CARRY4 (Prop_carry4_CI_O[1])
                                                      0.323     8.162 r  u_mult/U0/i_mult/gLUT.gLUT_speed.iLUT/NxM_mult.ppgen[0].carrychain[4].ppadd.b_is_even.stageN.muxcy0_CARRY4/O[1]
                         net (fo=2, routed)           0.962     9.124    u_mult/U0/i_mult/gLUT.gLUT_speed.iLUT/pp_out[0]_0[5]
    SLICE_X80Y130        LUT2 (Prop_lut2_I0_O)        0.306     9.430 r  u_mult/U0/i_mult/gLUT.gLUT_speed.iLUT/plusOp_carry_i_1/O
                         net (fo=1, routed)           0.000     9.430    u_mult/U0/i_mult/gLUT.gLUT_speed.iLUT/plusOp_carry_i_1_n_0
    SLICE_X80Y130        CARRY4 (Prop_carry4_S[3]_CO[3])
                                                      0.376     9.806 r  u_mult/U0/i_mult/gLUT.gLUT_speed.iLUT/plusOp_carry/CO[3]
                         net (fo=1, routed)           0.000     9.806    u_mult/U0/i_mult/gLUT.gLUT_speed.iLUT/plusOp_carry_n_0
    SLICE_X80Y131        CARRY4 (Prop_carry4_CI_O[1])
                                                      0.323    10.129 r  u_mult/U0/i_mult/gLUT.gLUT_speed.iLUT/plusOp_carry__0/O[1]
                         net (fo=2, routed)           0.797    10.926    u_mult/U0/i_mult/gLUT.gLUT_speed.iLUT/plusOp[5]
    SLICE_X79Y128        LUT2 (Prop_lut2_I0_O)        0.306    11.232 r  u_mult/U0/i_mult/gLUT.gLUT_speed.iLUT/plusOp__67_carry_i_1/O
                         net (fo=1, routed)           0.000    11.232    u_mult/U0/i_mult/gLUT.gLUT_speed.iLUT/plusOp__67_carry_i_1_n_0
    SLICE_X79Y128        CARRY4 (Prop_carry4_S[3]_CO[3])
                                                      0.401    11.633 r  u_mult/U0/i_mult/gLUT.gLUT_speed.iLUT/plusOp__67_carry/CO[3]
                         net (fo=1, routed)           0.000    11.633    u_mult/U0/i_mult/gLUT.gLUT_speed.iLUT/plusOp__67_carry_n_0
    SLICE_X79Y129        CARRY4 (Prop_carry4_CI_O[1])
                                                      0.334    11.967 r  u_mult/U0/i_mult/gLUT.gLUT_speed.iLUT/plusOp__67_carry__0/O[1]
                         net (fo=2, routed)           1.032    12.998    u_mult/U0/i_mult/gLUT.gLUT_speed.iLUT/plusOp3__0[5]
    SLICE_X77Y129        LUT2 (Prop_lut2_I0_O)        0.303    13.301 r  u_mult/U0/i_mult/gLUT.gLUT_speed.iLUT/plusOp__109_carry_i_3/O
                         net (fo=1, routed)           0.000    13.301    u_mult/U0/i_mult/gLUT.gLUT_speed.iLUT/plusOp__109_carry_i_3_n_0
    SLICE_X77Y129        CARRY4 (Prop_carry4_S[1]_CO[3])
                                                      0.550    13.851 r  u_mult/U0/i_mult/gLUT.gLUT_speed.iLUT/plusOp__109_carry/CO[3]
                         net (fo=1, routed)           0.000    13.851    u_mult/U0/i_mult/gLUT.gLUT_speed.iLUT/plusOp__109_carry_n_0
    SLICE_X77Y130        CARRY4 (Prop_carry4_CI_O[2])
                                                      0.239    14.090 r  u_mult/U0/i_mult/gLUT.gLUT_speed.iLUT/plusOp__109_carry__0/O[2]
                         net (fo=1, routed)           0.000    14.090    u_mult/U0/i_mult/gLUT.gLUT_speed.iLUT/plusOp5[6]
    SLICE_X77Y130        FDRE                                         r  u_mult/U0/i_mult/gLUT.gLUT_speed.iLUT/NxM_mult.stage_3_add.stage_3_pipeline.s3_add_out_reg[0][14]/D
  -------------------------------------------------------------------    -------------------

Slack:                    inf
  Source:                 adc_value[0]
                            (input port)
  Destination:            u_mult/U0/i_mult/gLUT.gLUT_speed.iLUT/NxM_mult.stage_3_add.stage_3_pipeline.s3_add_out_reg[0][12]/D
  Path Group:             (none)
  Path Type:              Max at Slow Process Corner
  Data Path Delay:        14.074ns  (logic 5.434ns (38.610%)  route 8.640ns (61.390%))
  Logic Levels:           13  (CARRY4=8 IBUF=1 LUT2=3 LUT4=1)

    Location             Delay type                Incr(ns)  Path(ns)    Netlist Resource(s)
  -------------------------------------------------------------------    -------------------
    F1                                                0.000     0.000 r  adc_value[0] (IN)
                         net (fo=0)                   0.000     0.000    adc_value[0]
    F1                   IBUF (Prop_ibuf_I_O)         1.489     1.489 r  adc_value_IBUF[0]_inst/O
                         net (fo=13, routed)          5.850     7.339    u_mult/U0/i_mult/gLUT.gLUT_speed.iLUT/B[0]
    SLICE_X80Y133        LUT4 (Prop_lut4_I0_O)        0.124     7.463 r  u_mult/U0/i_mult/gLUT.gLUT_speed.iLUT/NxM_mult.ppgen[0].carrychain[3].ppadd.b_is_even.stageN.muxcy0_i_1/O
                         net (fo=1, routed)           0.000     7.463    u_mult/U0/i_mult/gLUT.gLUT_speed.iLUT/NxM_mult.ppgen[0].carrychain[3].ppadd.b_is_even.stageN.lut_sig
    SLICE_X80Y133        CARRY4 (Prop_carry4_S[3]_CO[3])
                                                      0.376     7.839 r  u_mult/U0/i_mult/gLUT.gLUT_speed.iLUT/NxM_mult.ppgen[0].carrychain[0].ppadd.b_is_even.stageLSB.muxcy00_CARRY4/CO[3]
                         net (fo=1, routed)           0.000     7.839    u_mult/U0/i_mult/gLUT.gLUT_speed.iLUT/pp_cout[0]_3
    SLICE_X80Y134        CARRY4 (Prop_carry4_CI_O[1])
                                                      0.323     8.162 r  u_mult/U0/i_mult/gLUT.gLUT_speed.iLUT/NxM_mult.ppgen[0].carrychain[4].ppadd.b_is_even.stageN.muxcy0_CARRY4/O[1]
                         net (fo=2, routed)           0.962     9.124    u_mult/U0/i_mult/gLUT.gLUT_speed.iLUT/pp_out[0]_0[5]
    SLICE_X80Y130        LUT2 (Prop_lut2_I0_O)        0.306     9.430 r  u_mult/U0/i_mult/gLUT.gLUT_speed.iLUT/plusOp_carry_i_1/O
                         net (fo=1, routed)           0.000     9.430    u_mult/U0/i_mult/gLUT.gLUT_speed.iLUT/plusOp_carry_i_1_n_0
    SLICE_X80Y130        CARRY4 (Prop_carry4_S[3]_CO[3])
                                                      0.376     9.806 r  u_mult/U0/i_mult/gLUT.gLUT_speed.iLUT/plusOp_carry/CO[3]
                         net (fo=1, routed)           0.000     9.806    u_mult/U0/i_mult/gLUT.gLUT_speed.iLUT/plusOp_carry_n_0
    SLICE_X80Y131        CARRY4 (Prop_carry4_CI_O[1])
                                                      0.323    10.129 r  u_mult/U0/i_mult/gLUT.gLUT_speed.iLUT/plusOp_carry__0/O[1]
                         net (fo=2, routed)           0.797    10.926    u_mult/U0/i_mult/gLUT.gLUT_speed.iLUT/plusOp[5]
    SLICE_X79Y128        LUT2 (Prop_lut2_I0_O)        0.306    11.232 r  u_mult/U0/i_mult/gLUT.gLUT_speed.iLUT/plusOp__67_carry_i_1/O
                         net (fo=1, routed)           0.000    11.232    u_mult/U0/i_mult/gLUT.gLUT_speed.iLUT/plusOp__67_carry_i_1_n_0
    SLICE_X79Y128        CARRY4 (Prop_carry4_S[3]_CO[3])
                                                      0.401    11.633 r  u_mult/U0/i_mult/gLUT.gLUT_speed.iLUT/plusOp__67_carry/CO[3]
                         net (fo=1, routed)           0.000    11.633    u_mult/U0/i_mult/gLUT.gLUT_speed.iLUT/plusOp__67_carry_n_0
    SLICE_X79Y129        CARRY4 (Prop_carry4_CI_O[1])
                                                      0.334    11.967 r  u_mult/U0/i_mult/gLUT.gLUT_speed.iLUT/plusOp__67_carry__0/O[1]
                         net (fo=2, routed)           1.032    12.998    u_mult/U0/i_mult/gLUT.gLUT_speed.iLUT/plusOp3__0[5]
    SLICE_X77Y129        LUT2 (Prop_lut2_I0_O)        0.303    13.301 r  u_mult/U0/i_mult/gLUT.gLUT_speed.iLUT/plusOp__109_carry_i_3/O
                         net (fo=1, routed)           0.000    13.301    u_mult/U0/i_mult/gLUT.gLUT_speed.iLUT/plusOp__109_carry_i_3_n_0
    SLICE_X77Y129        CARRY4 (Prop_carry4_S[1]_CO[3])
                                                      0.550    13.851 r  u_mult/U0/i_mult/gLUT.gLUT_speed.iLUT/plusOp__109_carry/CO[3]
                         net (fo=1, routed)           0.000    13.851    u_mult/U0/i_mult/gLUT.gLUT_speed.iLUT/plusOp__109_carry_n_0
    SLICE_X77Y130        CARRY4 (Prop_carry4_CI_O[0])
                                                      0.223    14.074 r  u_mult/U0/i_mult/gLUT.gLUT_speed.iLUT/plusOp__109_carry__0/O[0]
                         net (fo=1, routed)           0.000    14.074    u_mult/U0/i_mult/gLUT.gLUT_speed.iLUT/plusOp5[4]
    SLICE_X77Y130        FDRE                                         r  u_mult/U0/i_mult/gLUT.gLUT_speed.iLUT/NxM_mult.stage_3_add.stage_3_pipeline.s3_add_out_reg[0][12]/D
  -------------------------------------------------------------------    -------------------

Slack:                    inf
  Source:                 adc_value[0]
                            (input port)
  Destination:            u_mult/U0/i_mult/gLUT.gLUT_speed.iLUT/NxM_mult.stage_3_add.stage_3_pipeline.s3_add_out_reg[0][11]/D
  Path Group:             (none)
  Path Type:              Max at Slow Process Corner
  Data Path Delay:        13.941ns  (logic 5.301ns (38.025%)  route 8.640ns (61.975%))
  Logic Levels:           12  (CARRY4=7 IBUF=1 LUT2=3 LUT4=1)

    Location             Delay type                Incr(ns)  Path(ns)    Netlist Resource(s)
  -------------------------------------------------------------------    -------------------
    F1                                                0.000     0.000 r  adc_value[0] (IN)
                         net (fo=0)                   0.000     0.000    adc_value[0]
    F1                   IBUF (Prop_ibuf_I_O)         1.489     1.489 r  adc_value_IBUF[0]_inst/O
                         net (fo=13, routed)          5.850     7.339    u_mult/U0/i_mult/gLUT.gLUT_speed.iLUT/B[0]
    SLICE_X80Y133        LUT4 (Prop_lut4_I0_O)        0.124     7.463 r  u_mult/U0/i_mult/gLUT.gLUT_speed.iLUT/NxM_mult.ppgen[0].carrychain[3].ppadd.b_is_even.stageN.muxcy0_i_1/O
                         net (fo=1, routed)           0.000     7.463    u_mult/U0/i_mult/gLUT.gLUT_speed.iLUT/NxM_mult.ppgen[0].carrychain[3].ppadd.b_is_even.stageN.lut_sig
    SLICE_X80Y133        CARRY4 (Prop_carry4_S[3]_CO[3])
                                                      0.376     7.839 r  u_mult/U0/i_mult/gLUT.gLUT_speed.iLUT/NxM_mult.ppgen[0].carrychain[0].ppadd.b_is_even.stageLSB.muxcy00_CARRY4/CO[3]
                         net (fo=1, routed)           0.000     7.839    u_mult/U0/i_mult/gLUT.gLUT_speed.iLUT/pp_cout[0]_3
    SLICE_X80Y134        CARRY4 (Prop_carry4_CI_O[1])
                                                      0.323     8.162 r  u_mult/U0/i_mult/gLUT.gLUT_speed.iLUT/NxM_mult.ppgen[0].carrychain[4].ppadd.b_is_even.stageN.muxcy0_CARRY4/O[1]
                         net (fo=2, routed)           0.962     9.124    u_mult/U0/i_mult/gLUT.gLUT_speed.iLUT/pp_out[0]_0[5]
    SLICE_X80Y130        LUT2 (Prop_lut2_I0_O)        0.306     9.430 r  u_mult/U0/i_mult/gLUT.gLUT_speed.iLUT/plusOp_carry_i_1/O
                         net (fo=1, routed)           0.000     9.430    u_mult/U0/i_mult/gLUT.gLUT_speed.iLUT/plusOp_carry_i_1_n_0
    SLICE_X80Y130        CARRY4 (Prop_carry4_S[3]_CO[3])
                                                      0.376     9.806 r  u_mult/U0/i_mult/gLUT.gLUT_speed.iLUT/plusOp_carry/CO[3]
                         net (fo=1, routed)           0.000     9.806    u_mult/U0/i_mult/gLUT.gLUT_speed.iLUT/plusOp_carry_n_0
    SLICE_X80Y131        CARRY4 (Prop_carry4_CI_O[1])
                                                      0.323    10.129 r  u_mult/U0/i_mult/gLUT.gLUT_speed.iLUT/plusOp_carry__0/O[1]
                         net (fo=2, routed)           0.797    10.926    u_mult/U0/i_mult/gLUT.gLUT_speed.iLUT/plusOp[5]
    SLICE_X79Y128        LUT2 (Prop_lut2_I0_O)        0.306    11.232 r  u_mult/U0/i_mult/gLUT.gLUT_speed.iLUT/plusOp__67_carry_i_1/O
                         net (fo=1, routed)           0.000    11.232    u_mult/U0/i_mult/gLUT.gLUT_speed.iLUT/plusOp__67_carry_i_1_n_0
    SLICE_X79Y128        CARRY4 (Prop_carry4_S[3]_CO[3])
                                                      0.401    11.633 r  u_mult/U0/i_mult/gLUT.gLUT_speed.iLUT/plusOp__67_carry/CO[3]
                         net (fo=1, routed)           0.000    11.633    u_mult/U0/i_mult/gLUT.gLUT_speed.iLUT/plusOp__67_carry_n_0
    SLICE_X79Y129        CARRY4 (Prop_carry4_CI_O[1])
                                                      0.334    11.967 r  u_mult/U0/i_mult/gLUT.gLUT_speed.iLUT/plusOp__67_carry__0/O[1]
                         net (fo=2, routed)           1.032    12.998    u_mult/U0/i_mult/gLUT.gLUT_speed.iLUT/plusOp3__0[5]
    SLICE_X77Y129        LUT2 (Prop_lut2_I0_O)        0.303    13.301 r  u_mult/U0/i_mult/gLUT.gLUT_speed.iLUT/plusOp__109_carry_i_3/O
                         net (fo=1, routed)           0.000    13.301    u_mult/U0/i_mult/gLUT.gLUT_speed.iLUT/plusOp__109_carry_i_3_n_0
    SLICE_X77Y129        CARRY4 (Prop_carry4_S[1]_O[3])
                                                      0.640    13.941 r  u_mult/U0/i_mult/gLUT.gLUT_speed.iLUT/plusOp__109_carry/O[3]
                         net (fo=1, routed)           0.000    13.941    u_mult/U0/i_mult/gLUT.gLUT_speed.iLUT/plusOp5[3]
    SLICE_X77Y129        FDRE                                         r  u_mult/U0/i_mult/gLUT.gLUT_speed.iLUT/NxM_mult.stage_3_add.stage_3_pipeline.s3_add_out_reg[0][11]/D
  -------------------------------------------------------------------    -------------------

Slack:                    inf
  Source:                 adc_value[0]
                            (input port)
  Destination:            u_mult/U0/i_mult/gLUT.gLUT_speed.iLUT/NxM_mult.stage_3_add.stage_3_pipeline.s3_add_out_reg[0][10]/D
  Path Group:             (none)
  Path Type:              Max at Slow Process Corner
  Data Path Delay:        13.881ns  (logic 5.241ns (37.757%)  route 8.640ns (62.243%))
  Logic Levels:           12  (CARRY4=7 IBUF=1 LUT2=3 LUT4=1)

    Location             Delay type                Incr(ns)  Path(ns)    Netlist Resource(s)
  -------------------------------------------------------------------    -------------------
    F1                                                0.000     0.000 r  adc_value[0] (IN)
                         net (fo=0)                   0.000     0.000    adc_value[0]
    F1                   IBUF (Prop_ibuf_I_O)         1.489     1.489 r  adc_value_IBUF[0]_inst/O
                         net (fo=13, routed)          5.850     7.339    u_mult/U0/i_mult/gLUT.gLUT_speed.iLUT/B[0]
    SLICE_X80Y133        LUT4 (Prop_lut4_I0_O)        0.124     7.463 r  u_mult/U0/i_mult/gLUT.gLUT_speed.iLUT/NxM_mult.ppgen[0].carrychain[3].ppadd.b_is_even.stageN.muxcy0_i_1/O
                         net (fo=1, routed)           0.000     7.463    u_mult/U0/i_mult/gLUT.gLUT_speed.iLUT/NxM_mult.ppgen[0].carrychain[3].ppadd.b_is_even.stageN.lut_sig
    SLICE_X80Y133        CARRY4 (Prop_carry4_S[3]_CO[3])
                                                      0.376     7.839 r  u_mult/U0/i_mult/gLUT.gLUT_speed.iLUT/NxM_mult.ppgen[0].carrychain[0].ppadd.b_is_even.stageLSB.muxcy00_CARRY4/CO[3]
                         net (fo=1, routed)           0.000     7.839    u_mult/U0/i_mult/gLUT.gLUT_speed.iLUT/pp_cout[0]_3
    SLICE_X80Y134        CARRY4 (Prop_carry4_CI_O[1])
                                                      0.323     8.162 r  u_mult/U0/i_mult/gLUT.gLUT_speed.iLUT/NxM_mult.ppgen[0].carrychain[4].ppadd.b_is_even.stageN.muxcy0_CARRY4/O[1]
                         net (fo=2, routed)           0.962     9.124    u_mult/U0/i_mult/gLUT.gLUT_speed.iLUT/pp_out[0]_0[5]
    SLICE_X80Y130        LUT2 (Prop_lut2_I0_O)        0.306     9.430 r  u_mult/U0/i_mult/gLUT.gLUT_speed.iLUT/plusOp_carry_i_1/O
                         net (fo=1, routed)           0.000     9.430    u_mult/U0/i_mult/gLUT.gLUT_speed.iLUT/plusOp_carry_i_1_n_0
    SLICE_X80Y130        CARRY4 (Prop_carry4_S[3]_CO[3])
                                                      0.376     9.806 r  u_mult/U0/i_mult/gLUT.gLUT_speed.iLUT/plusOp_carry/CO[3]
                         net (fo=1, routed)           0.000     9.806    u_mult/U0/i_mult/gLUT.gLUT_speed.iLUT/plusOp_carry_n_0
    SLICE_X80Y131        CARRY4 (Prop_carry4_CI_O[1])
                                                      0.323    10.129 r  u_mult/U0/i_mult/gLUT.gLUT_speed.iLUT/plusOp_carry__0/O[1]
                         net (fo=2, routed)           0.797    10.926    u_mult/U0/i_mult/gLUT.gLUT_speed.iLUT/plusOp[5]
    SLICE_X79Y128        LUT2 (Prop_lut2_I0_O)        0.306    11.232 r  u_mult/U0/i_mult/gLUT.gLUT_speed.iLUT/plusOp__67_carry_i_1/O
                         net (fo=1, routed)           0.000    11.232    u_mult/U0/i_mult/gLUT.gLUT_speed.iLUT/plusOp__67_carry_i_1_n_0
    SLICE_X79Y128        CARRY4 (Prop_carry4_S[3]_CO[3])
                                                      0.401    11.633 r  u_mult/U0/i_mult/gLUT.gLUT_speed.iLUT/plusOp__67_carry/CO[3]
                         net (fo=1, routed)           0.000    11.633    u_mult/U0/i_mult/gLUT.gLUT_speed.iLUT/plusOp__67_carry_n_0
    SLICE_X79Y129        CARRY4 (Prop_carry4_CI_O[1])
                                                      0.334    11.967 r  u_mult/U0/i_mult/gLUT.gLUT_speed.iLUT/plusOp__67_carry__0/O[1]
                         net (fo=2, routed)           1.032    12.998    u_mult/U0/i_mult/gLUT.gLUT_speed.iLUT/plusOp3__0[5]
    SLICE_X77Y129        LUT2 (Prop_lut2_I0_O)        0.303    13.301 r  u_mult/U0/i_mult/gLUT.gLUT_speed.iLUT/plusOp__109_carry_i_3/O
                         net (fo=1, routed)           0.000    13.301    u_mult/U0/i_mult/gLUT.gLUT_speed.iLUT/plusOp__109_carry_i_3_n_0
    SLICE_X77Y129        CARRY4 (Prop_carry4_S[1]_O[2])
                                                      0.580    13.881 r  u_mult/U0/i_mult/gLUT.gLUT_speed.iLUT/plusOp__109_carry/O[2]
                         net (fo=1, routed)           0.000    13.881    u_mult/U0/i_mult/gLUT.gLUT_speed.iLUT/plusOp5[2]
    SLICE_X77Y129        FDRE                                         r  u_mult/U0/i_mult/gLUT.gLUT_speed.iLUT/NxM_mult.stage_3_add.stage_3_pipeline.s3_add_out_reg[0][10]/D
  -------------------------------------------------------------------    -------------------





Min Delay Paths
--------------------------------------------------------------------------------------
Slack:                    inf
  Source:                 u_DDS/u_sin_rom/U0/inst_blk_mem_gen/gnbram.gnativebmg.native_blk_mem_gen/valid.cstr/has_mux_a.A/no_softecc_sel_reg.ce_pri.sel_pipe_reg[0]/C
                            (rising edge-triggered cell FDRE)
  Destination:            u_DDS/u_sin_rom/U0/inst_blk_mem_gen/gnbram.gnativebmg.native_blk_mem_gen/valid.cstr/has_mux_a.A/no_softecc_norm_sel2.has_mem_regs.WITHOUT_ECC_PIPE.ce_pri.sel_pipe_d1_reg[0]/D
  Path Group:             (none)
  Path Type:              Min at Fast Process Corner
  Data Path Delay:        0.343ns  (logic 0.141ns (41.115%)  route 0.202ns (58.885%))
  Logic Levels:           1  (FDRE=1)

    Location             Delay type                Incr(ns)  Path(ns)    Netlist Resource(s)
  -------------------------------------------------------------------    -------------------
    SLICE_X78Y129        FDRE                         0.000     0.000 r  u_DDS/u_sin_rom/U0/inst_blk_mem_gen/gnbram.gnativebmg.native_blk_mem_gen/valid.cstr/has_mux_a.A/no_softecc_sel_reg.ce_pri.sel_pipe_reg[0]/C
    SLICE_X78Y129        FDRE (Prop_fdre_C_Q)         0.141     0.141 r  u_DDS/u_sin_rom/U0/inst_blk_mem_gen/gnbram.gnativebmg.native_blk_mem_gen/valid.cstr/has_mux_a.A/no_softecc_sel_reg.ce_pri.sel_pipe_reg[0]/Q
                         net (fo=3, routed)           0.202     0.343    u_DDS/u_sin_rom/U0/inst_blk_mem_gen/gnbram.gnativebmg.native_blk_mem_gen/valid.cstr/has_mux_a.A/sel_pipe
    SLICE_X78Y129        FDRE                                         r  u_DDS/u_sin_rom/U0/inst_blk_mem_gen/gnbram.gnativebmg.native_blk_mem_gen/valid.cstr/has_mux_a.A/no_softecc_norm_sel2.has_mem_regs.WITHOUT_ECC_PIPE.ce_pri.sel_pipe_d1_reg[0]/D
  -------------------------------------------------------------------    -------------------

Slack:                    inf
  Source:                 u_DDS/cnt_reg[2]/C
                            (rising edge-triggered cell FDCE)
  Destination:            u_DDS/cnt_reg[2]/D
  Path Group:             (none)
  Path Type:              Min at Fast Process Corner
  Data Path Delay:        0.388ns  (logic 0.274ns (70.550%)  route 0.114ns (29.450%))
  Logic Levels:           2  (CARRY4=1 FDCE=1)

    Location             Delay type                Incr(ns)  Path(ns)    Netlist Resource(s)
  -------------------------------------------------------------------    -------------------
    SLICE_X88Y122        FDCE                         0.000     0.000 r  u_DDS/cnt_reg[2]/C
    SLICE_X88Y122        FDCE (Prop_fdce_C_Q)         0.164     0.164 r  u_DDS/cnt_reg[2]/Q
                         net (fo=1, routed)           0.114     0.278    u_DDS/cnt_reg_n_0_[2]
    SLICE_X88Y122        CARRY4 (Prop_carry4_S[2]_O[2])
                                                      0.110     0.388 r  u_DDS/cnt_reg[0]_i_1/O[2]
                         net (fo=1, routed)           0.000     0.388    u_DDS/cnt_reg[0]_i_1_n_5
    SLICE_X88Y122        FDCE                                         r  u_DDS/cnt_reg[2]/D
  -------------------------------------------------------------------    -------------------

Slack:                    inf
  Source:                 u_DDS/cnt_reg[6]/C
                            (rising edge-triggered cell FDCE)
  Destination:            u_DDS/cnt_reg[6]/D
  Path Group:             (none)
  Path Type:              Min at Fast Process Corner
  Data Path Delay:        0.388ns  (logic 0.274ns (70.550%)  route 0.114ns (29.450%))
  Logic Levels:           2  (CARRY4=1 FDCE=1)

    Location             Delay type                Incr(ns)  Path(ns)    Netlist Resource(s)
  -------------------------------------------------------------------    -------------------
    SLICE_X88Y123        FDCE                         0.000     0.000 r  u_DDS/cnt_reg[6]/C
    SLICE_X88Y123        FDCE (Prop_fdce_C_Q)         0.164     0.164 r  u_DDS/cnt_reg[6]/Q
                         net (fo=1, routed)           0.114     0.278    u_DDS/cnt_reg_n_0_[6]
    SLICE_X88Y123        CARRY4 (Prop_carry4_S[2]_O[2])
                                                      0.110     0.388 r  u_DDS/cnt_reg[4]_i_1/O[2]
                         net (fo=1, routed)           0.000     0.388    u_DDS/cnt_reg[4]_i_1_n_5
    SLICE_X88Y123        FDCE                                         r  u_DDS/cnt_reg[6]/D
  -------------------------------------------------------------------    -------------------

Slack:                    inf
  Source:                 u_DDS/cnt_reg[30]/C
                            (rising edge-triggered cell FDCE)
  Destination:            u_DDS/u_sin_rom/U0/inst_blk_mem_gen/gnbram.gnativebmg.native_blk_mem_gen/valid.cstr/ramloop[0].ram.r/prim_init.ram/DEVICE_7SERIES.NO_BMM_INFO.SP.SIMPLE_PRIM18.ram/ADDRARDADDR[12]
  Path Group:             (none)
  Path Type:              Min at Fast Process Corner
  Data Path Delay:        0.398ns  (logic 0.164ns (41.226%)  route 0.234ns (58.774%))
  Logic Levels:           1  (FDCE=1)

    Location             Delay type                Incr(ns)  Path(ns)    Netlist Resource(s)
  -------------------------------------------------------------------    -------------------
    SLICE_X88Y129        FDCE                         0.000     0.000 r  u_DDS/cnt_reg[30]/C
    SLICE_X88Y129        FDCE (Prop_fdce_C_Q)         0.164     0.164 r  u_DDS/cnt_reg[30]/Q
                         net (fo=4, routed)           0.234     0.398    u_DDS/u_sin_rom/U0/inst_blk_mem_gen/gnbram.gnativebmg.native_blk_mem_gen/valid.cstr/ramloop[0].ram.r/prim_init.ram/addra[11]
    RAMB18_X5Y52         RAMB18E1                                     r  u_DDS/u_sin_rom/U0/inst_blk_mem_gen/gnbram.gnativebmg.native_blk_mem_gen/valid.cstr/ramloop[0].ram.r/prim_init.ram/DEVICE_7SERIES.NO_BMM_INFO.SP.SIMPLE_PRIM18.ram/ADDRARDADDR[12]
  -------------------------------------------------------------------    -------------------

Slack:                    inf
  Source:                 u_DDS/cnt_reg[26]/C
                            (rising edge-triggered cell FDCE)
  Destination:            u_DDS/cnt_reg[26]/D
  Path Group:             (none)
  Path Type:              Min at Fast Process Corner
  Data Path Delay:        0.401ns  (logic 0.274ns (68.412%)  route 0.127ns (31.588%))
  Logic Levels:           2  (CARRY4=1 FDCE=1)

    Location             Delay type                Incr(ns)  Path(ns)    Netlist Resource(s)
  -------------------------------------------------------------------    -------------------
    SLICE_X88Y128        FDCE                         0.000     0.000 r  u_DDS/cnt_reg[26]/C
    SLICE_X88Y128        FDCE (Prop_fdce_C_Q)         0.164     0.164 r  u_DDS/cnt_reg[26]/Q
                         net (fo=4, routed)           0.127     0.291    u_DDS/addr[7]
    SLICE_X88Y128        CARRY4 (Prop_carry4_S[2]_O[2])
                                                      0.110     0.401 r  u_DDS/cnt_reg[24]_i_1/O[2]
                         net (fo=1, routed)           0.000     0.401    u_DDS/cnt_reg[24]_i_1_n_5
    SLICE_X88Y128        FDCE                                         r  u_DDS/cnt_reg[26]/D
  -------------------------------------------------------------------    -------------------

Slack:                    inf
  Source:                 u_DDS/cnt_reg[22]/C
                            (rising edge-triggered cell FDCE)
  Destination:            u_DDS/cnt_reg[22]/D
  Path Group:             (none)
  Path Type:              Min at Fast Process Corner
  Data Path Delay:        0.401ns  (logic 0.274ns (68.401%)  route 0.127ns (31.599%))
  Logic Levels:           2  (CARRY4=1 FDCE=1)

    Location             Delay type                Incr(ns)  Path(ns)    Netlist Resource(s)
  -------------------------------------------------------------------    -------------------
    SLICE_X88Y127        FDCE                         0.000     0.000 r  u_DDS/cnt_reg[22]/C
    SLICE_X88Y127        FDCE (Prop_fdce_C_Q)         0.164     0.164 r  u_DDS/cnt_reg[22]/Q
                         net (fo=4, routed)           0.127     0.291    u_DDS/addr[3]
    SLICE_X88Y127        CARRY4 (Prop_carry4_S[2]_O[2])
                                                      0.110     0.401 r  u_DDS/cnt_reg[20]_i_1/O[2]
                         net (fo=1, routed)           0.000     0.401    u_DDS/cnt_reg[20]_i_1_n_5
    SLICE_X88Y127        FDCE                                         r  u_DDS/cnt_reg[22]/D
  -------------------------------------------------------------------    -------------------

Slack:                    inf
  Source:                 u_DDS/cnt_reg[11]/C
                            (rising edge-triggered cell FDCE)
  Destination:            u_DDS/cnt_reg[11]/D
  Path Group:             (none)
  Path Type:              Min at Fast Process Corner
  Data Path Delay:        0.410ns  (logic 0.273ns (66.568%)  route 0.137ns (33.432%))
  Logic Levels:           3  (CARRY4=1 FDCE=1 LUT1=1)

    Location             Delay type                Incr(ns)  Path(ns)    Netlist Resource(s)
  -------------------------------------------------------------------    -------------------
    SLICE_X88Y124        FDCE                         0.000     0.000 r  u_DDS/cnt_reg[11]/C
    SLICE_X88Y124        FDCE (Prop_fdce_C_Q)         0.164     0.164 f  u_DDS/cnt_reg[11]/Q
                         net (fo=1, routed)           0.137     0.301    u_DDS/cnt_reg_n_0_[11]
    SLICE_X88Y124        LUT1 (Prop_lut1_I0_O)        0.045     0.346 r  u_DDS/cnt[8]_i_2/O
                         net (fo=1, routed)           0.000     0.346    u_DDS/cnt[8]_i_2_n_0
    SLICE_X88Y124        CARRY4 (Prop_carry4_S[3]_O[3])
                                                      0.064     0.410 r  u_DDS/cnt_reg[8]_i_1/O[3]
                         net (fo=1, routed)           0.000     0.410    u_DDS/cnt_reg[8]_i_1_n_4
    SLICE_X88Y124        FDCE                                         r  u_DDS/cnt_reg[11]/D
  -------------------------------------------------------------------    -------------------

Slack:                    inf
  Source:                 u_DDS/cnt_reg[3]/C
                            (rising edge-triggered cell FDCE)
  Destination:            u_DDS/cnt_reg[3]/D
  Path Group:             (none)
  Path Type:              Min at Fast Process Corner
  Data Path Delay:        0.410ns  (logic 0.273ns (66.568%)  route 0.137ns (33.432%))
  Logic Levels:           3  (CARRY4=1 FDCE=1 LUT1=1)

    Location             Delay type                Incr(ns)  Path(ns)    Netlist Resource(s)
  -------------------------------------------------------------------    -------------------
    SLICE_X88Y122        FDCE                         0.000     0.000 r  u_DDS/cnt_reg[3]/C
    SLICE_X88Y122        FDCE (Prop_fdce_C_Q)         0.164     0.164 f  u_DDS/cnt_reg[3]/Q
                         net (fo=1, routed)           0.137     0.301    u_DDS/cnt_reg_n_0_[3]
    SLICE_X88Y122        LUT1 (Prop_lut1_I0_O)        0.045     0.346 r  u_DDS/cnt[0]_i_3/O
                         net (fo=1, routed)           0.000     0.346    u_DDS/cnt[0]_i_3_n_0
    SLICE_X88Y122        CARRY4 (Prop_carry4_S[3]_O[3])
                                                      0.064     0.410 r  u_DDS/cnt_reg[0]_i_1/O[3]
                         net (fo=1, routed)           0.000     0.410    u_DDS/cnt_reg[0]_i_1_n_4
    SLICE_X88Y122        FDCE                                         r  u_DDS/cnt_reg[3]/D
  -------------------------------------------------------------------    -------------------

Slack:                    inf
  Source:                 u_DDS/cnt_reg[20]/C
                            (rising edge-triggered cell FDCE)
  Destination:            u_DDS/u_sin_rom/U0/inst_blk_mem_gen/gnbram.gnativebmg.native_blk_mem_gen/valid.cstr/ramloop[0].ram.r/prim_init.ram/DEVICE_7SERIES.NO_BMM_INFO.SP.SIMPLE_PRIM18.ram/ADDRARDADDR[2]
  Path Group:             (none)
  Path Type:              Min at Fast Process Corner
  Data Path Delay:        0.421ns  (logic 0.164ns (38.930%)  route 0.257ns (61.070%))
  Logic Levels:           1  (FDCE=1)

    Location             Delay type                Incr(ns)  Path(ns)    Netlist Resource(s)
  -------------------------------------------------------------------    -------------------
    SLICE_X88Y127        FDCE                         0.000     0.000 r  u_DDS/cnt_reg[20]/C
    SLICE_X88Y127        FDCE (Prop_fdce_C_Q)         0.164     0.164 r  u_DDS/cnt_reg[20]/Q
                         net (fo=4, routed)           0.257     0.421    u_DDS/u_sin_rom/U0/inst_blk_mem_gen/gnbram.gnativebmg.native_blk_mem_gen/valid.cstr/ramloop[0].ram.r/prim_init.ram/addra[1]
    RAMB18_X5Y52         RAMB18E1                                     r  u_DDS/u_sin_rom/U0/inst_blk_mem_gen/gnbram.gnativebmg.native_blk_mem_gen/valid.cstr/ramloop[0].ram.r/prim_init.ram/DEVICE_7SERIES.NO_BMM_INFO.SP.SIMPLE_PRIM18.ram/ADDRARDADDR[2]
  -------------------------------------------------------------------    -------------------

Slack:                    inf
  Source:                 u_DDS/cnt_reg[23]/C
                            (rising edge-triggered cell FDCE)
  Destination:            u_DDS/cnt_reg[23]/D
  Path Group:             (none)
  Path Type:              Min at Fast Process Corner
  Data Path Delay:        0.422ns  (logic 0.273ns (64.655%)  route 0.149ns (35.345%))
  Logic Levels:           3  (CARRY4=1 FDCE=1 LUT1=1)

    Location             Delay type                Incr(ns)  Path(ns)    Netlist Resource(s)
  -------------------------------------------------------------------    -------------------
    SLICE_X88Y127        FDCE                         0.000     0.000 r  u_DDS/cnt_reg[23]/C
    SLICE_X88Y127        FDCE (Prop_fdce_C_Q)         0.164     0.164 f  u_DDS/cnt_reg[23]/Q
                         net (fo=4, routed)           0.149     0.313    u_DDS/addr[4]
    SLICE_X88Y127        LUT1 (Prop_lut1_I0_O)        0.045     0.358 r  u_DDS/cnt[20]_i_2/O
                         net (fo=1, routed)           0.000     0.358    u_DDS/cnt[20]_i_2_n_0
    SLICE_X88Y127        CARRY4 (Prop_carry4_S[3]_O[3])
                                                      0.064     0.422 r  u_DDS/cnt_reg[20]_i_1/O[3]
                         net (fo=1, routed)           0.000     0.422    u_DDS/cnt_reg[20]_i_1_n_4
    SLICE_X88Y127        FDCE                                         r  u_DDS/cnt_reg[23]/D
  -------------------------------------------------------------------    -------------------





