#-----------------------------------------------------------
# Vivado v2023.1 (64-bit)
# SW Build 3865809 on Sun May  7 15:05:29 MDT 2023
# IP Build 3864474 on Sun May  7 20:36:21 MDT 2023
# SharedData Build 3865790 on Sun May 07 13:33:03 MDT 2023
# Start of session at: Wed Mar  6 19:07:27 2024
# Process ID: 3088
# Current directory: D:/Xilinx/Project/200t/AM_modulation
# Command line: vivado.exe -gui_launcher_event rodinguilauncherevent13324 D:\Xilinx\Project\200t\AM_modulation\AM_modulation.xpr
# Log file: D:/Xilinx/Project/200t/AM_modulation/vivado.log
# Journal file: D:/Xilinx/Project/200t/AM_modulation\vivado.jou
# Running On: Blessing, OS: Windows, CPU Frequency: 2688 MHz, CPU Physical cores: 14, Host memory: 34142 MB
#-----------------------------------------------------------
start_gui
open_project D:/Xilinx/Project/200t/AM_modulation/AM_modulation.xpr
update_compile_order -fileset sources_1
synth_design -rtl -rtl_skip_mlo -name rtl_1
place_ports {adc_value[9]} K4
place_ports {adc_value[8]} L1
place_ports {adc_value[7]} M1
place_ports {adc_value[6]} J2
place_ports {adc_value[5]} K2
place_ports {adc_value[4]} J1
place_ports {adc_value[3]} K1
place_ports {adc_value[2]} G2
place_ports {adc_value[1]} H2
place_ports {adc_value[0]} F1
place_ports {am_value[13]} U18
place_ports {am_value[12]} U17
place_ports {am_value[11]} V19
place_ports {am_value[10]} V18
place_ports {am_value[9]} AB22
place_ports {am_value[8]} AB21
place_ports {am_value[7]} AA21
place_ports {am_value[6]} AA20
place_ports {am_value[5]} AB20
place_ports {am_value[4]} AA19
place_ports {am_value[3]} Y19
place_ports {am_value[2]} Y18
place_ports {am_value[1]} AB18
place_ports {am_value[0]} AA18
place_ports adc_clk G1
place_ports dac_clk U20
save_constraints
reset_run impl_1
launch_runs impl_1 -to_step write_bitstream -jobs 10
wait_on_run impl_1
